// Jest Snapshot v1, https://goo.gl/fbAQLP

exports[`Pruebas en <GifGrid /> debe de mostrar el componente correctamente 1`] = `
<Fragment>
  <h3>
    Goku
  </h3>
  <p>
     Loading... 
  </p>
  <div
    className="card-grid"
  />
</Fragment>
`;
